// Jest Snapshot v1, https://goo.gl/fbAQLP

exports[`ViewNote should match snapshot 1`] = `ShallowWrapper {}`;
