// Jest Snapshot v1, https://goo.gl/fbAQLP

exports[`NoteContainer should match the snapshot 1`] = `ShallowWrapper {}`;

exports[`NoteContainer should match the snapshot 2`] = `ShallowWrapper {}`;
