// Jest Snapshot v1, https://goo.gl/fbAQLP

exports[`App should match the snapshot 1`] = `ShallowWrapper {}`;

exports[`App should return no note if id doesnt exist 1`] = `ShallowWrapper {}`;
